✔ real file facts satisfy explicit conditions, with a bound receipt and no provider call (829.0069ms)
✔ changed real rule or binary encoding rejects use; host rejection is out-of-scope, not model decline (3048.4832ms)
✔ unverifiable natural language, missing facts and malformed constraints stay unknown (3189.3717ms)
✔ direct authorization cannot bypass checks or borrow another method/task receipt (999.9986ms)
✔ only declared scalar facts can be cataloged; no answers, defaults or loose conditions (0.5146ms)
✔ Windows Git fact is measured under the selected isolated reader configuration (4165.3993ms)
✔ new fact catalog stays frozen and reaches the reasoner without final-case answers (33.6262ms)
✔ a later unknown receipt invalidates a positive grant before consume or paid solve (1774.9678ms)
✔ facts persistence failure prevents use even though the real collector completed (403.2989ms)
✔ a boolean-only evaluator cannot masquerade as observed facts (501.1454ms)
✔ STOP and persistent pilot-stop block observation before a process or model starts (93.7799ms)
✔ positive applicability reaches real method execution; a wrong fake answer remains a failure (2625.5125ms)
✔ no policy leaves existing caller behavior unchanged (1.515ms)
✔ approved policy never overrides max tokens or cancellation (0.2146ms)
✔ malformed or authority-expanding policy rejected: null (0.4122ms)
✔ malformed or authority-expanding policy rejected: [] (0.2257ms)
✔ malformed or authority-expanding policy rejected: "disabled" (0.1449ms)
✔ malformed or authority-expanding policy rejected: true (0.1038ms)
✔ malformed or authority-expanding policy rejected: {"model":"other"} (0.1416ms)
✔ malformed or authority-expanding policy rejected: {"maxTokens":100000} (0.1565ms)
✔ malformed or authority-expanding policy rejected: {"signal":null} (0.1558ms)
✔ malformed or authority-expanding policy rejected: {"extra_body":{"tools":[]}} (0.1903ms)
✔ malformed or authority-expanding policy rejected: {"thinking":"disabled","reasoningEffort":"high"} (0.165ms)
✔ policy-selected strict completion runs through real adapter, no retry (15.5702ms)
✔ real development failure enables exactly one new sealed review with cumulative usage across restart (9552.5787ms)
✔ correction no-fresh cannot consume another suite or spend on learning (4259.6986ms)
✔ correction identical-draft cannot consume another suite or spend on learning (4391.6781ms)
✔ correction final-exposed cannot consume another suite or spend on learning (4682.1875ms)
✔ invalid frozen correction plan duplicate-input is rejected before journal/model (11.7224ms)
✔ invalid frozen correction plan missing-regression is rejected before journal/model (9.786ms)
✔ invalid frozen correction plan unknown-development is rejected before journal/model (10.9728ms)
✔ invalid frozen correction plan lowered-threshold is rejected before journal/model (10.7202ms)
✔ fresh correction holdout is sealed against direct and batched probes before method formation (34.5842ms)
✔ invalid task answer null never reaches evaluator; real receipt stays charged (106.4006ms)
✔ invalid task answer [] never reaches evaluator; real receipt stays charged (54.1207ms)
✔ invalid task answer true never reaches evaluator; real receipt stays charged (67.69ms)
✔ second review shares request cap and cannot reset spent usage (5127.1579ms)
✔ final selection seals research even when no trial result exists; failed selection cannot replay (81.7457ms)
✔ correction unknown preserves reconciliation and cannot spend another request (4280.6009ms)
✔ correction stop preserves reconciliation and cannot spend another request (3560.2849ms)
✔ correction artifact-changed preserves reconciliation and cannot spend another request (3279.0846ms)
✔ four stages: discover, investigate, review, use in fresh state, suspend, reopen (6.6587ms)
✔ no-learning-needed is a real branch; no probe or method is manufactured (0.3138ms)
✔ a probe whose hypotheses predict the same outcome is refused before execution (0.6742ms)
✔ candidate cannot cite invented evidence (1.0178ms)
✔ pending probe is never silently replayed after a lost response (0.4783ms)
✔ out-of-scope new task does not invalidate the method globally (0.7122ms)
✔ declining a method records an opportunity, without executing it (0.6491ms)
✔ two concurrent drivers cannot both pass the save compare-and-swap (2.2901ms)
✔ thought and probe limits stop before the next action (0.2583ms)
✔ training tasks cannot be relabeled as held-out evaluation (0.635ms)
✔ self-reported success without host evidence is not accepted (0.3655ms)
✔ wrong method/task receipt stays pending and cannot suspend another version (0.7897ms)
✔ permission denial stops a proposed probe (0.2362ms)
✔ failed independent review cannot activate a candidate (0.5477ms)
✔ cancellation before a call prevents both reasoning and action (0.4307ms)
✔ probe port can return actual filesystem observations; driver does not score them (17.763ms)
✔ review is reserved once; interrupted review requires explicit host reconciliation (1.3826ms)
✔ missing precondition evidence blocks use even when the model recommends it (0.9869ms)
✔ permission for a new task is not inherited from approval of a method (0.9883ms)
✔ cancel during durable reservation prevents probe execution (0.5173ms)
✔ reopening does not silently replenish the research budget or discard history (0.7752ms)
✔ model adapter uses the injected model and token cap, not its own provider or credentials (0.1418ms)
✔ model adapter rejects malformed output without a repair loop or extra calls (0.0681ms)
✔ held-out review record is not included in later model prompts (1.1958ms)
✔ durable host snapshots survive a new object without rewriting earlier records (10.9606ms)
✔ missing budgets cannot turn limits into an unbounded loop (0.2454ms)
✔ inquiry ids cannot masquerade as filesystem paths (0.105ms)
✔ native disjoint cache buckets, reasoning subset and absent invoice retain actual totals (2.0626ms)
✔ native missing-usage cannot become a complete channel receipt (0.2191ms)
✔ native missing-total cannot become a complete channel receipt (0.0933ms)
✔ native wrong-total cannot become a complete channel receipt (0.0847ms)
✔ native reasoning-over-output cannot become a complete channel receipt (0.0762ms)
✔ native incomplete cannot become a complete channel receipt (0.0702ms)
✔ native two-calls cannot become a complete channel receipt (0.0823ms)
✔ native two-models cannot become a complete channel receipt (0.0727ms)
✔ native wrong-model cannot become a complete channel receipt (0.0823ms)
✔ native wrong-session cannot become a complete channel receipt (0.4751ms)
✔ native negative cannot become a complete channel receipt (0.1268ms)
✔ native missing-stop cannot become a complete channel receipt (0.1179ms)
✔ native real host path uses exactly one injected executor; preserves original history and eight missing outcomes (286.7048ms)
✔ native unknown stops real runner without retry or invented readiness (237.2641ms)
✔ native failed stops real runner without retry or invented readiness (177.5657ms)
✔ native malformed stops real runner without retry or invented readiness (154.1377ms)
✔ native reasoning-overrun stops real runner without retry or invented readiness (152.7161ms)
✔ native owner/policy/port binding cannot reuse old readiness or substitute a fake model (81.1561ms)
✔ native discovery is first paid purpose and pending receipts never grant readiness (157.0128ms)
✔ additional stopped historical unknown accepted-specific preserves all other unknown guards (184.1975ms)
✔ additional stopped historical unknown not-accepted preserves all other unknown guards (179.3686ms)
✔ additional stopped historical unknown missing-decision preserves all other unknown guards (116.1773ms)
✔ additional stopped historical unknown fake-settlement preserves all other unknown guards (104.8078ms)
✔ additional stopped historical unknown foreign-unknown preserves all other unknown guards (240.1726ms)
✔ additional stopped historical unknown new-unknown preserves all other unknown guards (177.3986ms)
✔ real Markdown journal: revision zero, append-only CAS, restart and corruption refusal (245.1333ms)
✔ model host records actual usage and monthly cost ledger; preset reply is only engineering evidence (35.2803ms)
✔ budget/STOP reject before provider call and frozen plans cannot be replaced (35.7295ms)
✔ unknown usage leaves durable reservation, blocks replay across new host instance (38.129ms)
✔ real task executor runs only granted frozen actions, preserves logs and drops credentials (405.4304ms)
✔ independent paired review uses actual executor artifacts, sealed cases and measured costs; no final replay (4621.8019ms)
✔ task execution interruption stays pending, consumed action cannot run again (46.5078ms)
✔ budget exhaustion survives reopening and blocks before a model call (33.302ms)
✔ failed response retains fresh real usage, never settles with stale metadata (56.6252ms)
✔ formal CLI reads persisted state and wakes from a real completed task without resetting budget (626.6847ms)
✔ probe-model records a bound receipt without touching inquiry or heldout (59.3538ms)
✔ probe-model rejects plans lacking frozen strict policy before any request (15.174ms)
✔ probe-model unknown prevents a provider request with real host gates (20.5757ms)
✔ probe-model expired prevents a provider request with real host gates (12.8621ms)
✔ probe-model stop prevents a provider request with real host gates (24.5914ms)
✔ probe-model cancel prevents a provider request with real host gates (13.1367ms)
✔ probe-model tokens prevents a provider request with real host gates (14.6973ms)
✔ probe-model usd prevents a provider request with real host gates (16.9315ms)
✔ probe-model invalid JSON is charged and failed, without a repair request (26.3838ms)
✔ probe-model receipt persistence failure never returns model-ready (33.8946ms)
✔ standalone and formal CLI probe-model bootstrap real dependencies over loopback only (4338.144ms)
✔ owner one-shot probe preserves expired plan/unknown history and cannot replay or resume learning (62.9926ms)
✔ owner one-shot probe other-unknown remains fail-closed (24.9076ms)
✔ owner one-shot probe expired remains fail-closed (20.0069ms)
✔ owner one-shot probe future remains fail-closed (20.0532ms)
✔ owner one-shot probe decision remains fail-closed (21.9886ms)
✔ owner one-shot probe reservation remains fail-closed (24.5579ms)
✔ owner one-shot probe plan remains fail-closed (21.5152ms)
✔ owner one-shot probe tokens remains fail-closed (23.5173ms)
✔ owner one-shot probe usd remains fail-closed (34.2135ms)
✔ owner one-shot probe stop remains fail-closed (38.6234ms)
✔ owner one-shot probe cancel remains fail-closed (20.3391ms)
✔ owner one-shot probe window remains fail-closed (19.5987ms)
✔ owner one-shot probe new unknown usage consumes permission without granting another exception (32.0316ms)
✔ host uses immutable failure usage instead of another request's lastCompletion (28.2473ms)
✔ host retains observed usage on unapproved identity without settling it (23.4911ms)
✔ pilot request cap survives restart and all calls are single-request; shared context reaches control and selection (1619.8572ms)
✔ pilot known provider failure also prevents any further request (56.6573ms)
✔ sealed review and final inputs cannot become development probes through batching (27.5798ms)
✔ pilot stop is durable even with remaining budget and window (46.2479ms)
✔ probe validates the exact JSON challenge (1.5332ms)
✔ probe accepts insignificant JSON whitespace (0.1723ms)
✔ probe rejects old challenge (0.1185ms)
✔ probe rejects extra key (0.0957ms)
✔ probe rejects array (0.1155ms)
✔ probe rejects null (0.0851ms)
✔ probe rejects string (0.0934ms)
✔ probe rejects number (0.1156ms)
✔ probe rejects empty object (0.1098ms)
✔ probe rejects invalid JSON (0.1955ms)
✔ probe rejects markdown fence (0.1258ms)
✔ probe rejects wrong value type (0.0777ms)
✔ new pilot checks unknown spend in every other inquiry before another request (142.1852ms)
✔ frozen authorization preserves one historical unknown and known subtotals, never settles it (112.7134ms)
✔ owner pilot no-owner cannot authorize another request (8.431ms)
✔ owner pilot budget cannot authorize another request (116.4866ms)
✔ owner pilot output cannot authorize another request (85.4319ms)
✔ owner pilot scope cannot authorize another request (77.9712ms)
✔ owner pilot root cannot authorize another request (83.7405ms)
✔ owner pilot window cannot authorize another request (66.9161ms)
✔ owner pilot probe cannot authorize another request (57.4697ms)
✔ owner pilot decision cannot authorize another request (65.061ms)
✔ owner pilot approval-change cannot authorize another request (73.4889ms)
✔ owner pilot input-change cannot authorize another request (67.0201ms)
✔ owner pilot endpoint cannot authorize another request (63.0125ms)
✔ full root foreign-unknown blocks new spend and preserves the reservation (171.011ms)
✔ full root foreign-corrupt blocks new spend and preserves the reservation (142.4776ms)
✔ full root fake-settlement blocks new spend and preserves the reservation (157.6557ms)
✔ full root concurrent-spend blocks new spend and preserves the reservation (115.3058ms)
✔ full root owner-reused blocks new spend and preserves the reservation (82.3297ms)
✔ full root new-known-failure blocks new spend and preserves the reservation (123.3161ms)
✔ full root new-unknown blocks new spend and preserves the reservation (189.3862ms)
✔ full root stop blocks new spend and preserves the reservation (129.265ms)
✔ new pilot cannot reuse one-shot probe, skip continuous reservation (133.5605ms)
✔ owner statement cannot omit risk or claim an old probe scope even with a matching file hash (108.6492ms)
✔ initial learning state cannot substitute altered teacher text for the frozen raw experience (76.7797ms)
✔ frozen T0/T1 cannot be reset across host restart and timezone is mandatory (64.0777ms)
✔ formal Her pilot CLI consumes one strict loopback request, retains denominator and cannot replay (8844.3518ms)
✔ continuous runner uses real gate, one development task, blind reflection and eight fixed paired conditions (18274.3512ms)
✔ actual development failure reopens without resetting probes/budget and uses a fresh gate once (21716.1119ms)
✔ rejected independent gate leaves all eight missing conditions and does not force method use (3959.0509ms)
✔ final failure suspends method and keeps all later B conditions missing while A continues safely (7901.6005ms)
✔ pilot unknown keeps measured usage/denominator and stops without retry (120.8623ms)
✔ pilot provider-failure keeps measured usage/denominator and stops without retry (2411.9296ms)
✔ pilot no-gain keeps measured usage/denominator and stops without retry (10814.3295ms)
✔ pilot old-contract rejects before a supplier call without freshening history (17.3369ms)
✔ pilot interrupted-run rejects before a supplier call without freshening history (68.0632ms)
✔ pilot changed-probe-budget rejects before a supplier call without freshening history (65.781ms)
✔ pilot historical-spend rejects before a supplier call without freshening history (60.9714ms)
✔ pilot changed-artifact rejects before a supplier call without freshening history (58.9855ms)
✔ catalog separates executable IDs from discriminators; no private script or final cases (1.3326ms)
✔ valid single input is unchanged and is only shape-valid (0.3311ms)
✔ historical Pilot 01 action remains rejected without rewriting (76.3477ms)
✔ a test-only envelope with the right tool still needs kind on EVERY case (0.2402ms)
✔ valid batch accepted without expanding it into host actions (0.3008ms)
✔ no alias: input kind is not an executable ID (0.1661ms)
✔ review-only operation cannot become a probe (0.1786ms)
✔ missing required fields identified, booleans never coerced (0.2486ms)
✔ unknown extra fields and nested batches rejected (0.1994ms)
✔ empty/oversized batch and sibling fields rejected (0.1704ms)
✔ binary requires even nonempty hexadecimal without executing a decoder (0.2418ms)
✔ bad JSON, objects, arrays and oversized strings refused (0.3386ms)
✔ envelope accepts only operationId and object input (0.1344ms)
✔ undeclared legacy contract remains visibly undeclared, with old tool scope checks (0.089ms)
✔ owner contract validation fails before rendering, rather than silently weakening it (0.6672ms)
✔ prototype names cannot name tools, variants, or fields (0.1142ms)
✔ diagnostics never echo untrusted payload values (0.1143ms)
✔ optional field must be typed when present; missing optional is valid (0.0969ms)
✔ contract freezes with the real plan and reaches the actual reasoner prompt (82.4962ms)
✔ historical reply is unchanged, rejected before grant, and journal diagnostics bind the exact action (32.932ms)
✔ real journal append failure cannot grant invalid actions (28.0696ms)
✔ runProbe revalidates structure before consuming a durable grant (40.4817ms)
✔ sealed tasks remain unavailable inside contract batch key cases (27.507ms)
✔ sealed tasks remain unavailable inside contract batch key samples (27.7352ms)
✔ STOP prevents contract-valid probes before grant (37.048ms)
✔ real host executes immutable observer: Windows Git, text view, text pair and binary; grant cannot replay (2798.179ms)
✔ shape-valid inputs still face the observer's real combined-length semantic guard (865.4182ms)
✔ original applicability observer returns unknown; real loop blocks without use or a correct-boundary claim (852.4672ms)
✔ control and no-method task deliberation have separate once-only slots (1921.3868ms)
✔ ordinary task retrieves without method argument and distinguishes use (2766.353ms)
✔ ordinary task retrieves without method argument and distinguishes decline (1243.5612ms)
✔ ordinary task retrieves without method argument and distinguishes host-block (3320.9945ms)
✔ suspended local method is not reactivated; foreign active method is not granted (646.209ms)
✔ failed method use preserves suspension and cannot spend a fallback or replay (1442.3147ms)
✔ ordinary task bad-selection is interrupted without automatic fallback (86.952ms)
✔ ordinary task unknown-usage is interrupted without automatic fallback (61.6815ms)
✔ STOP prevents task reservation and call; malformed gate is never recalled as eligible (42.9904ms)
✔ common observations and one source-blind reflection reach both conditions equally (2041.2748ms)
✔ formal growth task CLI reaches configured adapter over loopback, with no operator method argument (963.7048ms)
✔ interrupted review and consumed task reservation cannot become an independent retry (72.3008ms)
ℹ tests 223
ℹ suites 0
ℹ pass 223
ℹ fail 0
ℹ cancelled 0
ℹ skipped 0
ℹ todo 0
ℹ duration_ms 66544.5389
