✖ new pilot checks unknown spend in every other inquiry before another request (30.6832ms)
ℹ tests 1
ℹ suites 0
ℹ pass 0
ℹ fail 1
ℹ cancelled 0
ℹ skipped 0
ℹ todo 0
ℹ duration_ms 416.4636

✖ failing tests:

test at packages\her\test\growth-pilot-authorization.test.ts:1:297
✖ new pilot checks unknown spend in every other inquiry before another request (30.6832ms)
  AssertionError [ERR_ASSERTION]: Missing expected rejection.
      at async TestContext.<anonymous> (D:\@Her\wt-self-evolution-20261002\packages\her\test\growth-pilot-authorization.test.ts:14:2)
      at async Test.run (node:internal/test_runner/test:1313:7)
      at async startSubtestAfterBootstrap (node:internal/test_runner/harness:385:3) {
    generatedMessage: false,
    code: 'ERR_ASSERTION',
    actual: undefined,
    expected: /unreconciled|outside.*decision/,
    operator: 'rejects',
    diff: 'simple'
  }
